Resolving dependencies...
Downloading packages...
  clock 1.1.2 (1.1.3 available)
  intl 0.20.2 (0.20.3 available)
  matcher 0.12.19 (0.12.20 available)
  material_color_utilities 0.13.0 (0.13.1 available)
  meta 1.17.0 (1.19.0 available)
  platform 3.1.6 (3.2.0 available)
! shared_preferences 2.5.3 from path D:/wbc/shuyo/.tools/ohos-preferences/packages/shared_preferences/shared_preferences (overridden in .\pubspec_overrides.yaml)
  shared_preferences_android 2.4.23 (2.4.28 available)
! shared_preferences_ohos 2.5.3 from path D:/wbc/shuyo/.tools/ohos-preferences/packages/shared_preferences/shared_preferences_ohos (overridden in .\pubspec_overrides.yaml)
  stack_trace 1.12.1 (1.12.2 available)
  test_api 0.7.10 (0.7.14 available)
  vector_math 2.2.0 (2.4.3 available)
! webview_flutter 4.13.0 from path D:/wbc/shuyo/.tools/ohos-webview/packages/webview_flutter/webview_flutter (overridden in .\pubspec_overrides.yaml)
! webview_flutter_platform_interface 2.13.1 from path D:/wbc/shuyo/.tools/ohos-webview/packages/webview_flutter/webview_flutter_platform_interface (overridden in .\pubspec_overrides.yaml)
Got dependencies!
10 packages have newer versions incompatible with dependency constraints.
Try `flutter pub outdated` for more information.
[!] Warning: Building for device with codesigning disabled. You will have to manually codesign before deploying to device.
start hap build...
Running Hvigor task assembleHap...                                119.9s
√ Built build\ohos\hap\entry-default-unsigned.hap (40.5MB).
HAP artifacts: D:\wbc\shuyo\build\harmony. Only signed artifacts may be installed on the authorized device.
